[     106ms] [LOG] %cWE ❤ NEWAPI%c Github: https://github.com/QuantumNous/new-api color: #10b981; font-weight: bold; font-size: 24px; color: inherit; font-size: 14px; @ http://localhost:3000/assets/index-BKm4KPc_.js:14034
[     121ms] [ERROR] Error: Minified React error #306; visit https://reactjs.org/docs/error-decoder.html?invariant=306&args[]=undefined&args[]= for the full message or use the non-minified dev environment for full errors and additional helpful warnings.
    at xc (http://localhost:3000/assets/react-core-UylvYiU3.js:32:44387)
    at kc (http://localhost:3000/assets/react-core-UylvYiU3.js:32:39513)
    at Zd (http://localhost:3000/assets/react-core-UylvYiU3.js:32:39444)
    at al (http://localhost:3000/assets/react-core-UylvYiU3.js:32:39302)
    at Ju (http://localhost:3000/assets/react-core-UylvYiU3.js:32:35719)
    at gc (http://localhost:3000/assets/react-core-UylvYiU3.js:32:34675)
    at E (http://localhost:3000/assets/react-core-UylvYiU3.js:17:1562)
    at MessagePort.vn (http://localhost:3000/assets/react-core-UylvYiU3.js:17:1930) @ http://localhost:3000/assets/react-core-UylvYiU3.js:31
[     122ms] [ERROR] [ErrorBoundary] Error: Minified React error #306; visit https://reactjs.org/docs/error-decoder.html?invariant=306&args[]=undefined&args[]= for the full message or use the non-minified dev environment for full errors and additional helpful warnings.
    at xc (http://localhost:3000/assets/react-core-UylvYiU3.js:32:44387)
    at kc (http://localhost:3000/assets/react-core-UylvYiU3.js:32:39513)
    at Zd (http://localhost:3000/assets/react-core-UylvYiU3.js:32:39444)
    at al (http://localhost:3000/assets/react-core-UylvYiU3.js:32:39302)
    at Ju (http://localhost:3000/assets/react-core-UylvYiU3.js:32:35719)
    at gc (http://localhost:3000/assets/react-core-UylvYiU3.js:32:34675)
    at E (http://localhost:3000/assets/react-core-UylvYiU3.js:17:1562)
    at MessagePort.vn (http://localhost:3000/assets/react-core-UylvYiU3.js:17:1930) {componentStack: 
    at Pl (http://localhost:3000/assets/index-BKm…//localhost:3000/assets/index-BKm4KPc_.js:2:2520)} @ http://localhost:3000/assets/index-BKm4KPc_.js:166
